[agmstudio.io/themes/material-style/1.5/index.html]
[backblue.gif]
[fade.gif]
[index.html]
[agmstudio.io/themes/material-style/1.5/assets/img/favicon30f4.png]
[agmstudio.io/themes/material-style/1.5/assets/css/preload.min.css]
[agmstudio.io/themes/material-style/1.5/assets/css/plugins.min.css]
[agmstudio.io/themes/material-style/1.5/assets/css/style.light-blue-500.min.css]
[agmstudio.io/themes/material-style/1.5/assets/css/width-boxed.min.css]
[agmstudio.io/themes/material-style/1.5/index-2.html]
[agmstudio.io/themes/material-style/1.5/home-generic-2.html]
[agmstudio.io/themes/material-style/1.5/home-generic-3.html]
[agmstudio.io/themes/material-style/1.5/home-generic-4.html]
[agmstudio.io/themes/material-style/1.5/home-generic-5.html]
[agmstudio.io/themes/material-style/1.5/home-generic-6.html]
[agmstudio.io/themes/material-style/1.5/home-generic-7.html]
[agmstudio.io/themes/material-style/1.5/home-landing.html]
[agmstudio.io/themes/material-style/1.5/home-landing2.html]
[agmstudio.io/themes/material-style/1.5/home-landing4.html]
[agmstudio.io/themes/material-style/1.5/home-landing3.html]
[agmstudio.io/themes/material-style/1.5/home-cv3.html]
[agmstudio.io/themes/material-style/1.5/home-cv4.html]
[agmstudio.io/themes/material-style/1.5/home-revolution.html]
[agmstudio.io/themes/material-style/1.5/home-revolution2.html]
[agmstudio.io/themes/material-style/1.5/home-revolution3.html]
[agmstudio.io/themes/material-style/1.5/home-revolution4.html]
[agmstudio.io/themes/material-style/1.5/home-shop.html]
[agmstudio.io/themes/material-style/1.5/home-shop2.html]
[agmstudio.io/themes/material-style/1.5/home-cv.html]
[agmstudio.io/themes/material-style/1.5/home-cv2.html]
[agmstudio.io/themes/material-style/1.5/home-blog.html]
[agmstudio.io/themes/material-style/1.5/home-blog2.html]
[agmstudio.io/themes/material-style/1.5/home-magazine.html]
[agmstudio.io/themes/material-style/1.5/home-app.html]
[agmstudio.io/themes/material-style/1.5/home-app2.html]
[agmstudio.io/themes/material-style/1.5/home-class.html]
[agmstudio.io/themes/material-style/1.5/page-about.html]
[agmstudio.io/themes/material-style/1.5/page-about2.html]
[agmstudio.io/themes/material-style/1.5/page-about3.html]
[agmstudio.io/themes/material-style/1.5/page-about4.html]
[agmstudio.io/themes/material-style/1.5/page-team.html]
[agmstudio.io/themes/material-style/1.5/page-team2.html]
[agmstudio.io/themes/material-style/1.5/page-contact.html]
[agmstudio.io/themes/material-style/1.5/page-contact2.html]
[agmstudio.io/themes/material-style/1.5/page-login_register.html]
[agmstudio.io/themes/material-style/1.5/page-login.html]
[agmstudio.io/themes/material-style/1.5/page-login2.html]
[agmstudio.io/themes/material-style/1.5/page-login_register2.html]
[agmstudio.io/themes/material-style/1.5/page-register2.html]
[agmstudio.io/themes/material-style/1.5/page-profile.html]
[agmstudio.io/themes/material-style/1.5/page-profile2.html]
[agmstudio.io/themes/material-style/1.5/page-404.html]
[agmstudio.io/themes/material-style/1.5/page-404_2.html]
[agmstudio.io/themes/material-style/1.5/page-500.html]
[agmstudio.io/themes/material-style/1.5/page-500_2.html]
[agmstudio.io/themes/material-style/1.5/page-testimonial.html]
[agmstudio.io/themes/material-style/1.5/page-clients.html]
[agmstudio.io/themes/material-style/1.5/page-product.html]
[agmstudio.io/themes/material-style/1.5/page-services.html]
[agmstudio.io/themes/material-style/1.5/page-pricing.html]
[agmstudio.io/themes/material-style/1.5/page-pricing2.html]
[agmstudio.io/themes/material-style/1.5/page-princing_table.html]
[agmstudio.io/themes/material-style/1.5/page-support.html]
[agmstudio.io/themes/material-style/1.5/page-faq.html]
[agmstudio.io/themes/material-style/1.5/page-faq2.html]
[agmstudio.io/themes/material-style/1.5/page-coming.html]
[agmstudio.io/themes/material-style/1.5/page-coming2.html]
[agmstudio.io/themes/material-style/1.5/page-coming3.html]
[agmstudio.io/themes/material-style/1.5/page-timeline_left.html]
[agmstudio.io/themes/material-style/1.5/page-timeline_left2.html]
[agmstudio.io/themes/material-style/1.5/page-timeline.html]
[agmstudio.io/themes/material-style/1.5/page-email.html]
[agmstudio.io/themes/material-style/1.5/page-email2.html]
[agmstudio.io/themes/material-style/1.5/page-all.html]
[agmstudio.io/themes/material-style/1.5/component-typography.html]
[agmstudio.io/themes/material-style/1.5/component-headers.html]
[agmstudio.io/themes/material-style/1.5/component-dividers.html]
[agmstudio.io/themes/material-style/1.5/component-blockquotes.html]
[agmstudio.io/themes/material-style/1.5/component-forms.html]
[agmstudio.io/themes/material-style/1.5/component-tables.html]
[agmstudio.io/themes/material-style/1.5/component-basic-buttons.html]
[agmstudio.io/themes/material-style/1.5/component-buttons-components.html]
[agmstudio.io/themes/material-style/1.5/component-social-buttons.html]
[agmstudio.io/themes/material-style/1.5/component-panels.html]
[agmstudio.io/themes/material-style/1.5/component-alerts.html]
[agmstudio.io/themes/material-style/1.5/component-labels.html]
[agmstudio.io/themes/material-style/1.5/component-lists.html]
[agmstudio.io/themes/material-style/1.5/component-thumbnails.html]
[agmstudio.io/themes/material-style/1.5/component-carousels.html]
[agmstudio.io/themes/material-style/1.5/component-modals.html]
[agmstudio.io/themes/material-style/1.5/component-tooltip.html]
[agmstudio.io/themes/material-style/1.5/component-progress-bars.html]
[agmstudio.io/themes/material-style/1.5/component-pagination.html]
[agmstudio.io/themes/material-style/1.5/component-dropdowns.html]
[agmstudio.io/themes/material-style/1.5/component-cards.html]
[agmstudio.io/themes/material-style/1.5/component-composite-cards.html]
[agmstudio.io/themes/material-style/1.5/component-counters.html]
[agmstudio.io/themes/material-style/1.5/component-audio-video.html]
[agmstudio.io/themes/material-style/1.5/component-masonry.html]
[agmstudio.io/themes/material-style/1.5/component-snackbar.html]
[agmstudio.io/themes/material-style/1.5/component-lightbox.html]
[agmstudio.io/themes/material-style/1.5/component-collapses.html]
[agmstudio.io/themes/material-style/1.5/component-horizontal-tabs.html]
[agmstudio.io/themes/material-style/1.5/component-vertical-tabs.html]
[agmstudio.io/themes/material-style/1.5/component-icons-basic.html]
[agmstudio.io/themes/material-style/1.5/component-icons-fontawesome.html]
[agmstudio.io/themes/material-style/1.5/component-icons-iconic.html]
[agmstudio.io/themes/material-style/1.5/component-icons-glyphicons.html]
[agmstudio.io/themes/material-style/1.5/component-charts-circle.html]
[agmstudio.io/themes/material-style/1.5/component-charts-bar.html]
[agmstudio.io/themes/material-style/1.5/component-charts-line.html]
[agmstudio.io/themes/material-style/1.5/component-charts-more.html]
[agmstudio.io/themes/material-style/1.5/blog-sidebar.html]
[agmstudio.io/themes/material-style/1.5/blog-sidebar2.html]
[agmstudio.io/themes/material-style/1.5/blog-masonry.html]
[agmstudio.io/themes/material-style/1.5/blog-masonry2.html]
[agmstudio.io/themes/material-style/1.5/blog-full.html]
[agmstudio.io/themes/material-style/1.5/blog-full2.html]
[agmstudio.io/themes/material-style/1.5/blog-post.html]
[agmstudio.io/themes/material-style/1.5/blog-post2.html]
[agmstudio.io/themes/material-style/1.5/portfolio-filters_sidebar.html]
[agmstudio.io/themes/material-style/1.5/portfolio-filters_topbar.html]
[agmstudio.io/themes/material-style/1.5/portfolio-filters_sidebar_fluid.html]
[agmstudio.io/themes/material-style/1.5/portfolio-filters_topbar_fluid.html]
[agmstudio.io/themes/material-style/1.5/portfolio-cards.html]
[agmstudio.io/themes/material-style/1.5/portfolio-masonry.html]
[agmstudio.io/themes/material-style/1.5/portfolio-gallery.html]
[agmstudio.io/themes/material-style/1.5/portfolio-item.html]
[agmstudio.io/themes/material-style/1.5/portfolio-item2.html]
[agmstudio.io/themes/material-style/1.5/ecommerce-filters.html]
[agmstudio.io/themes/material-style/1.5/ecommerce-filters-full.html]
[agmstudio.io/themes/material-style/1.5/ecommerce-filters-full2.html]
[agmstudio.io/themes/material-style/1.5/ecommerce-item.html]
[agmstudio.io/themes/material-style/1.5/ecommerce-cart.html]
[agmstudio.io/themes/material-style/1.5/assets/img/demo/mock-imac-material2.png]
[agmstudio.io/themes/material-style/1.5/assets/img/demo/hero1.png]
[agmstudio.io/themes/material-style/1.5/assets/img/demo/hero3.png]
[agmstudio.io/themes/material-style/1.5/assets/img/demo/hero2.png]
[agmstudio.io/themes/material-style/1.5/assets/img/demo/mock.png]
[agmstudio.io/themes/material-style/1.5/assets/img/demo/mock4.png]
[agmstudio.io/themes/material-style/1.5/assets/img/demo/mock2.png]
[agmstudio.io/themes/material-style/1.5/assets/img/demo/mock5.png]
[agmstudio.io/themes/material-style/1.5/assets/img/demo/mock6.png]
[agmstudio.io/themes/material-style/1.5/assets/img/demo/mock3.png]
[agmstudio.io/themes/material-style/1.5/assets/img/demo/avatar.png]
[agmstudio.io/themes/material-style/1.5/assets/img/demo/port4.jpg]
[agmstudio.io/themes/material-style/1.5/assets/img/demo/port24.jpg]
[agmstudio.io/themes/material-style/1.5/assets/img/demo/port7.jpg]
[agmstudio.io/themes/material-style/1.5/assets/img/demo/port8.jpg]
[agmstudio.io/themes/material-style/1.5/assets/img/demo/port9.jpg]
[agmstudio.io/themes/material-style/1.5/assets/img/demo/port5.jpg]
[agmstudio.io/themes/material-style/1.5/assets/img/demo/port11.jpg]
[agmstudio.io/themes/material-style/1.5/assets/img/demo/port3.jpg]
[agmstudio.io/themes/material-style/1.5/assets/img/demo/port14.jpg]
[agmstudio.io/themes/material-style/1.5/page-blog.96.delayed]
[agmstudio.io/themes/material-style/1.5/assets/img/demo/p75.jpg]
[agmstudio.io/themes/material-style/1.5/assets/js/plugins.min.js]
[agmstudio.io/themes/material-style/1.5/assets/js/app.min.js]
[agmstudio.io/themes/material-style/1.5/assets/js/configurator.min.js]
[www.google-analytics.com/analytics.js]
[agmstudio.io/themes/material-style/1.5/assets/js/index.js]
[agmstudio.io/themes/material-style/1.5/index.html]
[agmstudio.io/themes/material-style/1.5/assets/css/preload.min.css]
[agmstudio.io/themes/material-style/1.5/assets/fonts/glyphicons-halflings-regular.eot]
[agmstudio.io/themes/material-style/1.5/assets/fonts/glyphicons-halflings-regulard41d.eot]
[agmstudio.io/themes/material-style/1.5/assets/fonts/glyphicons-halflings-regular.woff2]
[agmstudio.io/themes/material-style/1.5/assets/fonts/glyphicons-halflings-regular.woff]
[agmstudio.io/themes/material-style/1.5/assets/fonts/glyphicons-halflings-regular.ttf]
[agmstudio.io/themes/material-style/1.5/assets/fonts/fontawesome-webfont3e6e.eot]
[agmstudio.io/themes/material-style/1.5/assets/fonts/fontawesome-webfontd41d.eot]
[agmstudio.io/themes/material-style/1.5/assets/fonts/fontawesome-webfont3e6e.woff2]
[agmstudio.io/themes/material-style/1.5/assets/fonts/fontawesome-webfont3e6e.woff]
[agmstudio.io/themes/material-style/1.5/assets/fonts/fontawesome-webfont3e6e.ttf]
[agmstudio.io/themes/material-style/1.5/assets/fonts/Material-Design-Iconic-Fontd1f1.woff2]
[agmstudio.io/themes/material-style/1.5/assets/fonts/Material-Design-Iconic-Fontd1f1.woff]
[agmstudio.io/themes/material-style/1.5/assets/fonts/Material-Design-Iconic-Fontd1f1.ttf]
[agmstudio.io/themes/material-style/1.5/assets/css/owl.video.play.ac.delayed]
[agmstudio.io/themes/material-style/1.5/assets/css/plugins.min.css]
[agmstudio.io/themes/material-style/1.5/assets/img/black_wall.png]
[agmstudio.io/themes/material-style/1.5/assets/img/back_mountain.jpg]
[agmstudio.io/themes/material-style/1.5/assets/img/skyline.jpg]
[agmstudio.io/themes/material-style/1.5/assets/img/skyline2.jpg]
[agmstudio.io/themes/material-style/1.5/assets/img/backAirplane.jpg]
[agmstudio.io/themes/material-style/1.5/assets/img/team2.jpg]
[agmstudio.io/themes/material-style/1.5/assets/img/mountain.jpg]
[agmstudio.io/themes/material-style/1.5/assets/img/coffee.jpg]
[agmstudio.io/themes/material-style/1.5/assets/img/meeting.jpg]
[agmstudio.io/themes/material-style/1.5/assets/img/keyboard.jpg]
[agmstudio.io/themes/material-style/1.5/assets/img/beach.jpg]
[agmstudio.io/themes/material-style/1.5/assets/img/road.jpg]
[agmstudio.io/themes/material-style/1.5/assets/img/room.jpg]
[agmstudio.io/themes/material-style/1.5/assets/img/owl.video.play.png]
[agmstudio.io/themes/material-style/1.5/assets/img/loading.gif]
[agmstudio.io/themes/material-style/1.5/assets/css/style.light-blue-500.min.css]
[agmstudio.io/themes/material-style/1.5/assets/css/width-boxed.min.css]
[agmstudio.io/themes/material-style/1.5/index-2.html]
[agmstudio.io/themes/material-style/1.5/assets/img/demo/mock-safari.png]
[agmstudio.io/themes/material-style/1.5/assets/img/demo/mock-imac.png]
[agmstudio.io/themes/material-style/1.5/assets/img/demo/port23.jpg]
[agmstudio.io/themes/material-style/1.5/assets/img/demo/port2.jpg]
[agmstudio.io/themes/material-style/1.5/assets/img/demo/avatar1.jpg]
[agmstudio.io/themes/material-style/1.5/assets/img/demo/avatar2.jpg]
[agmstudio.io/themes/material-style/1.5/assets/img/demo/avatar3.jpg]
[agmstudio.io/themes/material-style/1.5/home-generic-2.html]
[agmstudio.io/themes/material-style/1.5/assets/img/demo/safariBig1.png]
[agmstudio.io/themes/material-style/1.5/assets/img/demo/safariBig3.png]
[agmstudio.io/themes/material-style/1.5/assets/img/demo/safariBig2.png]
[agmstudio.io/themes/material-style/1.5/assets/img/demo/surface.png]
[agmstudio.io/themes/material-style/1.5/assets/img/demo/new_mac.png]
[agmstudio.io/themes/material-style/1.5/assets/img/demo/ubuntu_tablet.png]
[agmstudio.io/themes/material-style/1.5/assets/img/demo/nokia.png]
[agmstudio.io/themes/material-style/1.5/assets/img/demo/microsoft.png]
[agmstudio.io/themes/material-style/1.5/assets/img/demo/intel.png]
[agmstudio.io/themes/material-style/1.5/assets/js/home-generic-3.js]
[agmstudio.io/themes/material-style/1.5/home-generic-3.html]
[agmstudio.io/themes/material-style/1.5/assets/img/demo/pixel1.png]
[agmstudio.io/themes/material-style/1.5/assets/img/demo/pixel3.png]
[agmstudio.io/themes/material-style/1.5/assets/img/demo/pixel2.png]
[agmstudio.io/themes/material-style/1.5/assets/img/demo/avatar4.jpg]
[agmstudio.io/themes/material-style/1.5/assets/img/demo/avatar5.jpg]
[agmstudio.io/themes/material-style/1.5/assets/img/demo/avatar6.jpg]
[agmstudio.io/themes/material-style/1.5/home-generic-4.html]
[agmstudio.io/themes/material-style/1.5/assets/img/demo/m1.png]
[agmstudio.io/themes/material-style/1.5/assets/img/demo/m2.png]
[agmstudio.io/themes/material-style/1.5/assets/img/demo/m3.png]
[agmstudio.io/themes/material-style/1.5/assets/img/demo/m4.png]
[agmstudio.io/themes/material-style/1.5/assets/js/home-generic-5.js]
[agmstudio.io/themes/material-style/1.5/home-generic-5.html]
[agmstudio.io/themes/material-style/1.5/assets/img/demo/port1.jpg]
[agmstudio.io/themes/material-style/1.5/assets/img/demo/port6.jpg]
[agmstudio.io/themes/material-style/1.5/assets/img/demo/port10.jpg]
[agmstudio.io/themes/material-style/1.5/assets/img/demo/port12.jpg]
[agmstudio.io/themes/material-style/1.5/assets/js/home-generic-6.js]
[agmstudio.io/themes/material-style/1.5/home-generic-6.html]
[agmstudio.io/themes/material-style/1.5/assets/js/home-generic-7.js]
[agmstudio.io/themes/material-style/1.5/home-generic-7.html]
[agmstudio.io/themes/material-style/1.5/assets/js/lead.js]
[agmstudio.io/themes/material-style/1.5/home-landing.html]
[agmstudio.io/themes/material-style/1.5/home-landing2.html]
[agmstudio.io/themes/material-style/1.5/assets/js/lead-full.js]
[agmstudio.io/themes/material-style/1.5/home-landing4.html]
[agmstudio.io/themes/material-style/1.5/home-landing3.html]
[agmstudio.io/themes/material-style/1.5/assets/js/lead-cv-full.js]
[agmstudio.io/themes/material-style/1.5/home-cv3.html]
[agmstudio.io/themes/material-style/1.5/assets/js/home-cv-landing.js]
[agmstudio.io/themes/material-style/1.5/home-cv4.html]
[agmstudio.io/themes/material-style/1.5/assets/plugins/revolution/revolution/fonts/pe-icon-7-stroke/css/pe-icon-7-stroke.css]
[agmstudio.io/themes/material-style/1.5/assets/plugins/revolution/revolution/css/settings.css]
[agmstudio.io/themes/material-style/1.5/assets/plugins/revolution/revolution/css/layers.css]
[agmstudio.io/themes/material-style/1.5/assets/plugins/revolution/revolution/css/navigation.css]
[agmstudio.io/themes/material-style/1.5/assets/plugins/revolution/revolution-addons/typewriter/js/revolution.addon.typewriter.min.js]
[agmstudio.io/themes/material-style/1.5/assets/plugins/revolution/revolution-addons/typewriter/css/typewriter.css]
[agmstudio.io/themes/material-style/1.5/assets/plugins/revolution/assets/images/express_bglight.jpg]
[agmstudio.io/themes/material-style/1.5/assets/plugins/revolution/assets/images/macbookpro.png]
[agmstudio.io/themes/material-style/1.5/assets/img/demo/express_macbook_content1.jpg]
[agmstudio.io/themes/material-style/1.5/assets/plugins/revolution/assets/images/ipad.png]
[agmstudio.io/themes/material-style/1.5/assets/img/demo/express_ipad_content1.jpg]
[agmstudio.io/themes/material-style/1.5/assets/plugins/revolution/assets/images/ihpone.png]
[agmstudio.io/themes/material-style/1.5/assets/img/demo/express_iphone_content1.jpg]
[agmstudio.io/themes/material-style/1.5/assets/plugins/revolution/revolution/js/jquery.themepunch.tools.min.js]
[agmstudio.io/themes/material-style/1.5/home-revolution.html]
[agmstudio.io/themes/material-style/1.5/assets/plugins/revolution/revolution/js/jquery.themepunch.revolution.min.js]
[agmstudio.io/themes/material-style/1.5/assets/plugins/revolution/assets/images/dummy.png]
[agmstudio.io/themes/material-style/1.5/assets/plugins/revolution/assets/images/coffee_cup1.png]
[agmstudio.io/themes/material-style/1.5/assets/plugins/revolution/assets/images/wood_pencil.png]
[agmstudio.io/themes/material-style/1.5/assets/plugins/revolution/assets/images/eraser_pink.png]
[agmstudio.io/themes/material-style/1.5/assets/plugins/revolution/assets/images/paper.png]
[agmstudio.io/themes/material-style/1.5/assets/plugins/revolution/assets/images/plant.png]
[agmstudio.io/themes/material-style/1.5/assets/plugins/revolution/assets/images/glasses.png]
[agmstudio.io/themes/material-style/1.5/assets/plugins/revolution/assets/images/ball.png]
[agmstudio.io/themes/material-style/1.5/assets/plugins/revolution/assets/images/usb.png]
[agmstudio.io/themes/material-style/1.5/assets/plugins/revolution/assets/images/headphones.png]
[agmstudio.io/themes/material-style/1.5/assets/plugins/revolution/assets/images/iphone_cutout.png]
[agmstudio.io/themes/material-style/1.5/home-revolution2.html]
[agmstudio.io/themes/material-style/1.5/assets/img/demo/back_video_100x50.jpg]
[agmstudio.io/themes/material-style/1.5/assets/img/demo/back_video.jpg]
[agmstudio.io/themes/material-style/1.5/assets/plugins/revolution/assets/images/citybg-100x50.jpg]
[agmstudio.io/themes/material-style/1.5/assets/plugins/revolution/assets/images/citybg.jpg]
[agmstudio.io/themes/material-style/1.5/assets/plugins/revolution/assets/images/farmbg-100x50.jpg]
[agmstudio.io/themes/material-style/1.5/assets/img/demo/city_cloud.jpg]
[agmstudio.io/themes/material-style/1.5/home-revolution3.html]
[agmstudio.io/themes/material-style/1.5/assets/plugins/revolution/assets/images/concept.jpg]
[agmstudio.io/themes/material-style/1.5/home-revolution4.html]
[agmstudio.io/themes/material-style/1.5/assets/img/demo/pixelPro.png]
[agmstudio.io/themes/material-style/1.5/assets/img/demo/products/macbook.png]
[agmstudio.io/themes/material-style/1.5/assets/img/demo/products/ipad.png]
[agmstudio.io/themes/material-style/1.5/assets/img/demo/products/gear.png]
[agmstudio.io/themes/material-style/1.5/assets/img/demo/products/appleWatch.png]
[agmstudio.io/themes/material-style/1.5/assets/img/demo/products/s7.png]
[agmstudio.io/themes/material-style/1.5/assets/img/demo/products/surfaceBook.png]
[agmstudio.io/themes/material-style/1.5/assets/img/demo/products/iphone7.png]
[agmstudio.io/themes/material-style/1.5/assets/img/demo/products/vr.png]
[agmstudio.io/themes/material-style/1.5/assets/img/demo/products/surface.png]
[agmstudio.io/themes/material-style/1.5/assets/img/demo/products/xboxController.png]
[agmstudio.io/themes/material-style/1.5/assets/img/demo/products/lumia.png]
[agmstudio.io/themes/material-style/1.5/assets/img/demo/products/galaxyTab.png]
[agmstudio.io/themes/material-style/1.5/assets/js/ecommerce.js]
[agmstudio.io/themes/material-style/1.5/home-shop.html]
[agmstudio.io/themes/material-style/1.5/assets/img/demo/macbook2016.png]
[agmstudio.io/themes/material-style/1.5/assets/img/demo/watch.png]
[agmstudio.io/themes/material-style/1.5/assets/img/demo/book.png]
[agmstudio.io/themes/material-style/1.5/home-shop2.html]
[agmstudio.io/themes/material-style/1.5/assets/js/home-cv.js]
[agmstudio.io/themes/material-style/1.5/home-cv.html]
[agmstudio.io/themes/material-style/1.5/home-cv2.html]
[agmstudio.io/themes/material-style/1.5/assets/img/demo/post4.jpg]
[agmstudio.io/themes/material-style/1.5/assets/img/demo/post3.jpg]
[agmstudio.io/themes/material-style/1.5/assets/img/demo/post1.jpg]
[agmstudio.io/themes/material-style/1.5/assets/img/demo/p3.jpg]
[agmstudio.io/themes/material-style/1.5/assets/img/demo/post5.jpg]
[agmstudio.io/themes/material-style/1.5/assets/img/demo/post2.jpg]
[agmstudio.io/themes/material-style/1.5/assets/img/demo/p2.jpg]
[agmstudio.io/themes/material-style/1.5/assets/img/demo/p5.jpg]
[agmstudio.io/themes/material-style/1.5/assets/img/demo/p4.jpg]
[agmstudio.io/themes/material-style/1.5/home-blog.html]
[agmstudio.io/themes/material-style/1.5/home-blog2.html]
[agmstudio.io/themes/material-style/1.5/assets/img/demo/office3.jpg]
[agmstudio.io/themes/material-style/1.5/assets/img/demo/office2.jpg]
[agmstudio.io/themes/material-style/1.5/assets/img/demo/office4.jpg]
[agmstudio.io/themes/material-style/1.5/assets/img/demo/office1.jpg]
[agmstudio.io/themes/material-style/1.5/holder.js/100x100.122ae14.delayed]
[agmstudio.io/themes/material-style/1.5/assets/img/demo/port20.jpg]
[agmstudio.io/themes/material-style/1.5/assets/img/demo/port13.jpg]
[agmstudio.io/themes/material-style/1.5/assets/img/demo/port16.jpg]
[agmstudio.io/themes/material-style/1.5/home-magazine.html]
[agmstudio.io/themes/material-style/1.5/home-app.html]
[agmstudio.io/themes/material-style/1.5/home-app2.html]
[agmstudio.io/themes/material-style/1.5/home-class.html]
[agmstudio.io/themes/material-style/1.5/assets/img/demo/p1.jpg]
[agmstudio.io/themes/material-style/1.5/page-about.html]
[agmstudio.io/themes/material-style/1.5/page-about2.html]
[agmstudio.io/themes/material-style/1.5/assets/img/demo/team.jpg]
[agmstudio.io/themes/material-style/1.5/page-about3.html]
[agmstudio.io/themes/material-style/1.5/page-about4.html]
[agmstudio.io/themes/material-style/1.5/assets/img/demo/p6.jpg]
[agmstudio.io/themes/material-style/1.5/page-team.html]
[agmstudio.io/themes/material-style/1.5/page-team2.html]
[agmstudio.io/themes/material-style/1.5/page-contact.html]
[agmstudio.io/themes/material-style/1.5/page-contact2.html]
[agmstudio.io/themes/material-style/1.5/page-login_register.html]
[agmstudio.io/themes/material-style/1.5/page-login.html]
[agmstudio.io/themes/material-style/1.5/page-login2.html]
[agmstudio.io/themes/material-style/1.5/page-login_register2.html]
[agmstudio.io/themes/material-style/1.5/page-register2.html]
[agmstudio.io/themes/material-style/1.5/holder.js/64x64.129ae14.delayed]
[agmstudio.io/themes/material-style/1.5/holder.js/64x64.12a40d3.delayed]
[agmstudio.io/themes/material-style/1.5/holder.js/64x64.12bdeef.delayed]
[agmstudio.io/themes/material-style/1.5/page-profile.html]
[agmstudio.io/themes/material-style/1.5/page-profile2.html]
[agmstudio.io/themes/material-style/1.5/page-404.html]
[agmstudio.io/themes/material-style/1.5/page-404_2.html]
[agmstudio.io/themes/material-style/1.5/page-500.html]
[agmstudio.io/themes/material-style/1.5/page-500_2.html]
[agmstudio.io/themes/material-style/1.5/page-testimonial.html]
[agmstudio.io/themes/material-style/1.5/assets/img/demo/maxis.png]
[agmstudio.io/themes/material-style/1.5/assets/img/demo/sony.png]
[agmstudio.io/themes/material-style/1.5/assets/img/demo/samsung.png]
[agmstudio.io/themes/material-style/1.5/page-clients.html]
[agmstudio.io/themes/material-style/1.5/page-product.html]
[agmstudio.io/themes/material-style/1.5/page-services.html]
[agmstudio.io/themes/material-style/1.5/page-pricing.html]
[agmstudio.io/themes/material-style/1.5/page-pricing2.html]
[agmstudio.io/themes/material-style/1.5/page-princing_table.html]
[agmstudio.io/themes/material-style/1.5/page-support.html]
[agmstudio.io/themes/material-style/1.5/page-faq.html]
[agmstudio.io/themes/material-style/1.5/page-faq2.html]
[agmstudio.io/themes/material-style/1.5/assets/js/coming.js]
[agmstudio.io/themes/material-style/1.5/page-coming.html]
[agmstudio.io/themes/material-style/1.5/page-coming2.html]
[agmstudio.io/themes/material-style/1.5/page-coming3.html]
[agmstudio.io/themes/material-style/1.5/assets/img/demo/m1.jpg]
[agmstudio.io/themes/material-style/1.5/page-timeline_left.html]
[agmstudio.io/themes/material-style/1.5/page-timeline_left2.html]
[agmstudio.io/themes/material-style/1.5/assets/img/demo/demo992.jpg]
[agmstudio.io/themes/material-style/1.5/page-timeline.html]
[agmstudio.io/themes/material-style/1.5/assets/img/email/logo-white.png]
[agmstudio.io/themes/material-style/1.5/assets/img/email/img1.jpg]
[agmstudio.io/themes/material-style/1.5/assets/img/email/img2.jpg]
[agmstudio.io/themes/material-style/1.5/assets/img/email/img3.jpg]
[agmstudio.io/themes/material-style/1.5/assets/img/email/img4.jpg]
[agmstudio.io/themes/material-style/1.5/page-email.html]
[agmstudio.io/themes/material-style/1.5/assets/img/email/logo_blue.png]
[agmstudio.io/themes/material-style/1.5/assets/img/email/header_mail2.jpg]
[agmstudio.io/themes/material-style/1.5/assets/img/email/icon_cloud.png]
[agmstudio.io/themes/material-style/1.5/assets/img/email/icon_download.png]
[agmstudio.io/themes/material-style/1.5/assets/img/email/mail300_1.jpg]
[agmstudio.io/themes/material-style/1.5/assets/img/email/mail300_2.jpg]
[agmstudio.io/themes/material-style/1.5/assets/img/email/nokia.png]
[agmstudio.io/themes/material-style/1.5/assets/img/email/sony.png]
[agmstudio.io/themes/material-style/1.5/assets/img/email/maxis.png]
[agmstudio.io/themes/material-style/1.5/assets/img/email/microsoft.png]
[agmstudio.io/themes/material-style/1.5/assets/img/email/intel.png]
[agmstudio.io/themes/material-style/1.5/assets/img/email/samsung.png]
[agmstudio.io/themes/material-style/1.5/assets/img/email/facebook.png]
[agmstudio.io/themes/material-style/1.5/assets/img/email/twitter.png]
[agmstudio.io/themes/material-style/1.5/assets/img/email/instagram.png]
[agmstudio.io/themes/material-style/1.5/page-email2.html]
[agmstudio.io/themes/material-style/1.5/page-all.html]
[agmstudio.io/themes/material-style/1.5/component-typography.html]
[agmstudio.io/themes/material-style/1.5/component-headers.html]
[agmstudio.io/themes/material-style/1.5/component-dividers.html]
[agmstudio.io/themes/material-style/1.5/component-blockquotes.html]
[agmstudio.io/themes/material-style/1.5/component-forms.html]
[agmstudio.io/themes/material-style/1.5/component-tables.html]
[agmstudio.io/themes/material-style/1.5/component-basic-buttons.html]
[agmstudio.io/themes/material-style/1.5/component-buttons-components.html]
[agmstudio.io/themes/material-style/1.5/component-social-buttons.html]
[agmstudio.io/themes/material-style/1.5/component-panels.html]
[agmstudio.io/themes/material-style/1.5/component-alerts.html]
[agmstudio.io/themes/material-style/1.5/component-labels.html]
[agmstudio.io/themes/material-style/1.5/component-lists.html]
[agmstudio.io/themes/material-style/1.5/assets/img/demo/port15.jpg]
[agmstudio.io/themes/material-style/1.5/assets/img/demo/port19.jpg]
[agmstudio.io/themes/material-style/1.5/assets/img/demo/port17.jpg]
[agmstudio.io/themes/material-style/1.5/assets/img/demo/port18.jpg]
[agmstudio.io/themes/material-style/1.5/assets/img/demo/port21.jpg]
[agmstudio.io/themes/material-style/1.5/assets/img/demo/port22.jpg]
[agmstudio.io/themes/material-style/1.5/component-thumbnails.html]
[agmstudio.io/themes/material-style/1.5/assets/img/demo/car1.png]
[agmstudio.io/themes/material-style/1.5/assets/img/demo/car2.jpg]
[agmstudio.io/themes/material-style/1.5/assets/img/demo/paris.jpg]
[agmstudio.io/themes/material-style/1.5/assets/img/demo/car1-thumb.png]
[agmstudio.io/themes/material-style/1.5/assets/img/demo/car2-thumb.jpg]
[agmstudio.io/themes/material-style/1.5/assets/img/demo/paris-thumb.png]
[agmstudio.io/themes/material-style/1.5/assets/js/component-carousels.js]
[agmstudio.io/themes/material-style/1.5/component-carousels.html]
[agmstudio.io/themes/material-style/1.5/component-modals.html]
[agmstudio.io/themes/material-style/1.5/component-tooltip.html]
[agmstudio.io/themes/material-style/1.5/component-progress-bars.html]
[agmstudio.io/themes/material-style/1.5/component-pagination.html]
[agmstudio.io/themes/material-style/1.5/component-dropdowns.html]
[agmstudio.io/themes/material-style/1.5/component-cards.html]
[agmstudio.io/themes/material-style/1.5/assets/img/demo/m2.jpg]
[agmstudio.io/themes/material-style/1.5/assets/img/demo/m3.jpg]
[agmstudio.io/themes/material-style/1.5/component-composite-cards.html]
[agmstudio.io/themes/material-style/1.5/component-counters.html]
[agmstudio.io/themes/material-style/1.5/assets/media/music.mp3]
[agmstudio.io/themes/material-style/1.5/assets/media/music.ogg]
[agmstudio.io/themes/material-style/1.5/component-audio-video.html]
[agmstudio.io/themes/material-style/1.5/component-masonry.html]
[agmstudio.io/themes/material-style/1.5/assets/js/component-snackbar.js]
[agmstudio.io/themes/material-style/1.5/component-snackbar.html]
[agmstudio.io/themes/material-style/1.5/component-lightbox.html]
[agmstudio.io/themes/material-style/1.5/component-collapses.html]
[agmstudio.io/themes/material-style/1.5/component-horizontal-tabs.html]
[agmstudio.io/themes/material-style/1.5/component-vertical-tabs.html]
[agmstudio.io/themes/material-style/1.5/component-icons-basic.html]
[agmstudio.io/themes/material-style/1.5/component-icons-fontawesome.html]
[agmstudio.io/themes/material-style/1.5/component-icons-iconic.html]
[agmstudio.io/themes/material-style/1.5/component-icons-glyphicons.html]
[agmstudio.io/themes/material-style/1.5/assets/js/charts-circle.js]
[agmstudio.io/themes/material-style/1.5/component-charts-circle.html]
[agmstudio.io/themes/material-style/1.5/component-charts-bar.html]
[agmstudio.io/themes/material-style/1.5/assets/js/charts-bar.js]
[agmstudio.io/themes/material-style/1.5/assets/js/charts-line.js]
[agmstudio.io/themes/material-style/1.5/component-charts-line.html]
[agmstudio.io/themes/material-style/1.5/assets/js/charts-more.js]
[agmstudio.io/themes/material-style/1.5/component-charts-more.html]
[agmstudio.io/themes/material-style/1.5/blog-sidebar.html]
[agmstudio.io/themes/material-style/1.5/assets/img/demo/avatar50.jpg]
[agmstudio.io/themes/material-style/1.5/blog-sidebar2.html]
[agmstudio.io/themes/material-style/1.5/blog-masonry.html]
[agmstudio.io/themes/material-style/1.5/blog-masonry2.html]
[agmstudio.io/themes/material-style/1.5/blog-full.html]
[agmstudio.io/themes/material-style/1.5/assets/img/demo/postG1.jpg]
[agmstudio.io/themes/material-style/1.5/assets/img/demo/postG2.jpg]
[agmstudio.io/themes/material-style/1.5/assets/img/demo/postG3.jpg]
[agmstudio.io/themes/material-style/1.5/assets/img/demo/postG4.jpg]
[agmstudio.io/themes/material-style/1.5/assets/img/demo/postG5.jpg]
[agmstudio.io/themes/material-style/1.5/blog-full2.html]
[agmstudio.io/themes/material-style/1.5/blog-post.html]
[agmstudio.io/themes/material-style/1.5/blog-post2.html]
[agmstudio.io/themes/material-style/1.5/assets/js/portfolio.js]
[agmstudio.io/themes/material-style/1.5/portfolio-filters_sidebar.html]
[agmstudio.io/themes/material-style/1.5/portfolio-filters_topbar.html]
[agmstudio.io/themes/material-style/1.5/portfolio-filters_sidebar_fluid.html]
[agmstudio.io/themes/material-style/1.5/portfolio-filters_topbar_fluid.html]
[agmstudio.io/themes/material-style/1.5/portfolio-cards.html]
[agmstudio.io/themes/material-style/1.5/portfolio-masonry.html]
[agmstudio.io/themes/material-style/1.5/portfolio-gallery.html]
[agmstudio.io/themes/material-style/1.5/portfolio-item.html]
[agmstudio.io/themes/material-style/1.5/assets/img/demo/portG1.jpg]
[agmstudio.io/themes/material-style/1.5/portfolio-item2.html]
[agmstudio.io/themes/material-style/1.5/ecommerce-filters.html]
[agmstudio.io/themes/material-style/1.5/ecommerce-filters-full.html]
[agmstudio.io/themes/material-style/1.5/ecommerce-filters-full2.html]
[agmstudio.io/themes/material-style/1.5/assets/img/demo/products/1.jpg]
[agmstudio.io/themes/material-style/1.5/assets/img/demo/products/2.jpg]
[agmstudio.io/themes/material-style/1.5/assets/img/demo/products/3.jpg]
[agmstudio.io/themes/material-style/1.5/assets/img/demo/products/4.jpg]
[agmstudio.io/themes/material-style/1.5/assets/img/demo/products/5.jpg]
[agmstudio.io/themes/material-style/1.5/assets/img/demo/products/m1.png]
[agmstudio.io/themes/material-style/1.5/assets/img/demo/products/m2.png]
[agmstudio.io/themes/material-style/1.5/assets/img/demo/products/m3.png]
[agmstudio.io/themes/material-style/1.5/assets/img/demo/products/m4.png]
[agmstudio.io/themes/material-style/1.5/assets/img/demo/products/m5.png]
[agmstudio.io/themes/material-style/1.5/ecommerce-item.html]
[agmstudio.io/themes/material-style/1.5/ecommerce-cart.html]
[agmstudio.io/themes/material-style/1.5/page-blog.html]
[agmstudio.io/themes/material-style/1.5/assets/fonts/glyphicons-halflings-regular.svg]
[agmstudio.io/themes/material-style/1.5/assets/fonts/fontawesome-webfont3e6e.svg]
[agmstudio.io/themes/material-style/1.5/assets/css/owl.video.play.html]
[agmstudio.io/themes/material-style/1.5/assets/plugins/revolution/revolution/fonts/pe-icon-7-stroke/fonts/Pe-icon-7-strokebb1d.eot]
[agmstudio.io/themes/material-style/1.5/assets/plugins/revolution/revolution/fonts/pe-icon-7-stroke/fonts/Pe-icon-7-stroked41d.eot]
[agmstudio.io/themes/material-style/1.5/assets/plugins/revolution/revolution/fonts/pe-icon-7-stroke/fonts/Pe-icon-7-strokebb1d.woff]
[agmstudio.io/themes/material-style/1.5/assets/plugins/revolution/revolution/fonts/pe-icon-7-stroke/fonts/Pe-icon-7-strokebb1d.ttf]
[agmstudio.io/themes/material-style/1.5/assets/plugins/revolution/revolution/fonts/pe-icon-7-stroke/css/pe-icon-7-stroke.css]
[agmstudio.io/themes/material-style/1.5/assets/plugins/revolution/revolution/fonts/revicons/revicons90c6.eot]
[agmstudio.io/themes/material-style/1.5/assets/plugins/revolution/revolution/fonts/revicons/revicons90c6.woff]
[agmstudio.io/themes/material-style/1.5/assets/plugins/revolution/revolution/fonts/revicons/revicons90c6.ttf]
[agmstudio.io/themes/material-style/1.5/assets/plugins/revolution/revolution/css/openhand.cur]
[agmstudio.io/themes/material-style/1.5/assets/plugins/revolution/revolution/css/closedhand.cur]
[agmstudio.io/themes/material-style/1.5/assets/plugins/revolution/revolution/assets/gridtile.png]
[agmstudio.io/themes/material-style/1.5/assets/plugins/revolution/revolution/assets/gridtile_white.png]
[agmstudio.io/themes/material-style/1.5/assets/plugins/revolution/revolution/assets/gridtile_3x3.png]
[agmstudio.io/themes/material-style/1.5/assets/plugins/revolution/revolution/assets/gridtile_3x3_white.png]
[agmstudio.io/themes/material-style/1.5/assets/plugins/revolution/revolution/assets/coloredbg.png]
[agmstudio.io/themes/material-style/1.5/assets/plugins/revolution/revolution/assets/loader.gif]
[agmstudio.io/themes/material-style/1.5/assets/plugins/revolution/revolution/css/settings.css]
[agmstudio.io/themes/material-style/1.5/assets/plugins/revolution/revolution/css/layers.css]
[agmstudio.io/themes/material-style/1.5/assets/plugins/revolution/revolution/css/navigation.css]
[agmstudio.io/themes/material-style/1.5/assets/plugins/revolution/revolution-addons/typewriter/css/typewriter.css]
[agmstudio.io/themes/material-style/1.5/holder.js/100x100ae14.html]
[agmstudio.io/themes/material-style/1.5/holder.js/64x64ae14.html]
[agmstudio.io/themes/material-style/1.5/holder.js/64x6440d3.html]
[agmstudio.io/themes/material-style/1.5/holder.js/64x64deef.html]
[agmstudio.io/themes/material-style/1.5/assets/plugins/revolution/revolution/fonts/pe-icon-7-stroke/fonts/Pe-icon-7-strokebb1d.svg]
[agmstudio.io/themes/material-style/1.5/assets/plugins/revolution/revolution/fonts/revicons/revicons90c6.svg]
